  Enemy.cpp
C:\Users\leosz\Desktop\Cpp\mikrotium\CloneTerraria\src\Enemy.cpp(47,30): warning C4244: '=': conversion from 'float' to 'int', possible loss of data
C:\Users\leosz\Desktop\Cpp\mikrotium\CloneTerraria\src\Enemy.cpp(55,30): warning C4244: '=': conversion from 'float' to 'int', possible loss of data
C:\Users\leosz\Desktop\Cpp\mikrotium\CloneTerraria\src\Enemy.cpp(68,9): warning C4244: 'initializing': conversion from 'float' to 'int', possible loss of data
C:\Users\leosz\Desktop\Cpp\mikrotium\CloneTerraria\src\Enemy.cpp(69,9): warning C4244: 'initializing': conversion from 'float' to 'int', possible loss of data
C:\Users\leosz\Desktop\Cpp\mikrotium\CloneTerraria\src\Enemy.cpp(87,22): warning C4244: '=': conversion from 'int' to 'float', possible loss of data
C:\Users\leosz\Desktop\Cpp\mikrotium\CloneTerraria\src\Enemy.cpp(143,20): warning C4018: '<': signed/unsigned mismatch
C:\Users\leosz\Desktop\Cpp\mikrotium\CloneTerraria\src\Enemy.cpp(160,58): warning C4305: 'argument': truncation from 'double' to 'float'
C:\Users\leosz\Desktop\Cpp\mikrotium\CloneTerraria\src\Enemy.cpp(258,20): warning C4244: 'initializing': conversion from 'float' to 'int', possible loss of data
C:\Users\leosz\Desktop\Cpp\mikrotium\CloneTerraria\src\Enemy.cpp(392,23): warning C4244: '=': conversion from 'int' to 'float', possible loss of data
C:\Users\leosz\Desktop\Cpp\mikrotium\CloneTerraria\src\Enemy.cpp(497,21): warning C4018: '<': signed/unsigned mismatch
C:\Users\leosz\Desktop\Cpp\mikrotium\CloneTerraria\src\Enemy.cpp(516,22): warning C4244: '=': conversion from 'float' to 'int', possible loss of data
C:\Users\leosz\Desktop\Cpp\mikrotium\CloneTerraria\src\Enemy.cpp(517,47): warning C4244: '=': conversion from 'float' to 'int', possible loss of data
C:\Users\leosz\Desktop\Cpp\mikrotium\CloneTerraria\src\Enemy.cpp(543,20): warning C4018: '<': signed/unsigned mismatch
  Main.cpp
C:\Users\leosz\Desktop\Cpp\mikrotium\CloneTerraria\src\Main.cpp(30,12): warning C4244: 'argument': conversion from 'time_t' to 'unsigned int', possible loss of data
C:\Users\leosz\Desktop\Cpp\mikrotium\CloneTerraria\src\Main.cpp(182,44): warning C4244: 'argument': conversion from 'int' to 'float', possible loss of data
C:\Users\leosz\Desktop\Cpp\mikrotium\CloneTerraria\src\Main.cpp(182,26): warning C4244: 'argument': conversion from 'int' to 'float', possible loss of data
C:\Users\leosz\Desktop\Cpp\mikrotium\CloneTerraria\src\Main.cpp(306,29): warning C4244: '=': conversion from 'double' to 'float', possible loss of data
C:\Users\leosz\Desktop\Cpp\mikrotium\CloneTerraria\src\Main.cpp(317,21): warning C4018: '<': signed/unsigned mismatch
C:\Users\leosz\Desktop\Cpp\mikrotium\CloneTerraria\src\Main.cpp(326,21): warning C4018: '<': signed/unsigned mismatch
C:\Users\leosz\Desktop\Cpp\mikrotium\CloneTerraria\src\Main.cpp(342,21): warning C4018: '<': signed/unsigned mismatch
C:\Users\leosz\Desktop\Cpp\mikrotium\CloneTerraria\src\Main.cpp(365,21): warning C4018: '<': signed/unsigned mismatch
C:\Users\leosz\Desktop\Cpp\mikrotium\CloneTerraria\src\Main.cpp(374,21): warning C4018: '<': signed/unsigned mismatch
C:\Users\leosz\Desktop\Cpp\mikrotium\CloneTerraria\src\Main.cpp(377,22): warning C4018: '<': signed/unsigned mismatch
C:\Users\leosz\Desktop\Cpp\mikrotium\CloneTerraria\src\Main.cpp(415,21): warning C4018: '<': signed/unsigned mismatch
C:\Users\leosz\Desktop\Cpp\mikrotium\CloneTerraria\src\Main.cpp(421,21): warning C4018: '<': signed/unsigned mismatch
C:\Users\leosz\Desktop\Cpp\mikrotium\CloneTerraria\src\Main.cpp(426,21): warning C4018: '<': signed/unsigned mismatch
C:\Users\leosz\Desktop\Cpp\mikrotium\CloneTerraria\src\Main.cpp(434,21): warning C4018: '<': signed/unsigned mismatch
C:\Users\leosz\Desktop\Cpp\mikrotium\CloneTerraria\src\Main.cpp(448,22): warning C4018: '<': signed/unsigned mismatch
C:\Users\leosz\Desktop\Cpp\mikrotium\CloneTerraria\src\Main.cpp(462,21): warning C4018: '<': signed/unsigned mismatch
C:\Users\leosz\Desktop\Cpp\mikrotium\CloneTerraria\src\Main.cpp(468,21): warning C4018: '<': signed/unsigned mismatch
C:\Users\leosz\Desktop\Cpp\mikrotium\CloneTerraria\src\Main.cpp(504,21): warning C4018: '<': signed/unsigned mismatch
C:\Program Files\Microsoft Visual Studio\18\Community\VC\Tools\MSVC\14.44.35207\include\xmemory(732,103): warning C4244: 'argument': conversion from '_Ty' to 'float', possible loss of data
C:\Program Files\Microsoft Visual Studio\18\Community\VC\Tools\MSVC\14.44.35207\include\xmemory(732,103): warning C4244:         with
C:\Program Files\Microsoft Visual Studio\18\Community\VC\Tools\MSVC\14.44.35207\include\xmemory(732,103): warning C4244:         [
C:\Program Files\Microsoft Visual Studio\18\Community\VC\Tools\MSVC\14.44.35207\include\xmemory(732,103): warning C4244:             _Ty=int
C:\Program Files\Microsoft Visual Studio\18\Community\VC\Tools\MSVC\14.44.35207\include\xmemory(732,103): warning C4244:         ]
  (compiling source file 'src/Main.cpp')
      C:\Program Files\Microsoft Visual Studio\18\Community\VC\Tools\MSVC\14.44.35207\include\xmemory(732,103):
      the template instantiation context (the oldest one first) is
          C:\Users\leosz\Desktop\Cpp\mikrotium\CloneTerraria\src\Main.cpp(267,10):
          see reference to function template instantiation 'void std::vector<Enemy,std::allocator<Enemy>>::emplace_back<std::vector<Enemy,std::allocator<Enemy>>&,enemyTypes,unsigned int(&)[2],unsigned int(&)[2],unsigned int(&)[2],unsigned int(&)[2],int,int,unsigned int&>(std::vector<Enemy,std::allocator<Enemy>> &,enemyTypes &&,unsigned int (&)[2],unsigned int (&)[2],unsigned int (&)[2],unsigned int (&)[2],int &&,int &&,unsigned int &)' being compiled
              C:\Users\leosz\Desktop\Cpp\mikrotium\CloneTerraria\src\Main.cpp(267,22):
              see the first reference to 'std::vector<Enemy,std::allocator<Enemy>>::emplace_back' in 'main'
          C:\Program Files\Microsoft Visual Studio\18\Community\VC\Tools\MSVC\14.44.35207\include\vector(924,24):
          see reference to function template instantiation '_Ty &std::vector<_Ty,std::allocator<_Ty>>::_Emplace_one_at_back<std::vector<_Ty,std::allocator<_Ty>>&,enemyTypes,unsigned int(&)[2],unsigned int(&)[2],unsigned int(&)[2],unsigned int(&)[2],int,int,unsigned int&>(std::vector<_Ty,std::allocator<_Ty>> &,enemyTypes &&,unsigned int (&)[2],unsigned int (&)[2],unsigned int (&)[2],unsigned int (&)[2],int &&,int &&,unsigned int &)' being compiled
          with
          [
              _Ty=Enemy
          ]
          C:\Program Files\Microsoft Visual Studio\18\Community\VC\Tools\MSVC\14.44.35207\include\vector(845,20):
          see reference to function template instantiation '_Ty &std::vector<_Ty,std::allocator<_Ty>>::_Emplace_back_with_unused_capacity<std::vector<_Ty,std::allocator<_Ty>>&,enemyTypes,unsigned int(&)[2],unsigned int(&)[2],unsigned int(&)[2],unsigned int(&)[2],int,int,unsigned int&>(std::vector<_Ty,std::allocator<_Ty>> &,enemyTypes &&,unsigned int (&)[2],unsigned int (&)[2],unsigned int (&)[2],unsigned int (&)[2],int &&,int &&,unsigned int &)' being compiled
          with
          [
              _Ty=Enemy
          ]
          C:\Program Files\Microsoft Visual Studio\18\Community\VC\Tools\MSVC\14.44.35207\include\vector(863,27):
          see reference to function template instantiation 'void std::_Default_allocator_traits<_Alloc>::construct<_Ty,std::vector<_Ty,_Alloc>&,enemyTypes,unsigned int(&)[2],unsigned int(&)[2],unsigned int(&)[2],unsigned int(&)[2],int,int,unsigned int&>(_Alloc &,_Objty *const ,std::vector<_Ty,_Alloc> &,enemyTypes &&,unsigned int (&)[2],unsigned int (&)[2],unsigned int (&)[2],unsigned int (&)[2],int &&,int &&,unsigned int &)' being compiled
          with
          [
              _Alloc=std::allocator<Enemy>,
              _Ty=Enemy,
              _Objty=Enemy
          ]
  
  Player.cpp
C:\Users\leosz\Desktop\Cpp\mikrotium\CloneTerraria\src\Player.cpp(421,43): warning C4305: 'argument': truncation from 'double' to 'float'
C:\Users\leosz\Desktop\Cpp\mikrotium\CloneTerraria\src\Player.cpp(422,39): warning C4305: 'argument': truncation from 'double' to 'float'
C:\Users\leosz\Desktop\Cpp\mikrotium\CloneTerraria\src\Player.cpp(424,8): warning C4101: 'inventoryVertices': unreferenced local variable
C:\Users\leosz\Desktop\Cpp\mikrotium\CloneTerraria\src\Player.cpp(423,15): warning C4101: 'inventoryVertexBuffer': unreferenced local variable
C:\Users\leosz\Desktop\Cpp\mikrotium\CloneTerraria\src\Player.cpp(465,9): warning C4244: 'initializing': conversion from 'float' to 'int', possible loss of data
C:\Users\leosz\Desktop\Cpp\mikrotium\CloneTerraria\src\Player.cpp(466,9): warning C4244: 'initializing': conversion from 'float' to 'int', possible loss of data
C:\Users\leosz\Desktop\Cpp\mikrotium\CloneTerraria\src\Player.cpp(482,22): warning C4244: '=': conversion from 'int' to 'float', possible loss of data
C:\Users\leosz\Desktop\Cpp\mikrotium\CloneTerraria\src\Player.cpp(511,20): warning C4305: '=': truncation from 'double' to 'float'
C:\Users\leosz\Desktop\Cpp\mikrotium\CloneTerraria\src\Player.cpp(556,22): warning C4305: '=': truncation from 'double' to 'float'
C:\Users\leosz\Desktop\Cpp\mikrotium\CloneTerraria\src\Player.cpp(562,22): warning C4305: '=': truncation from 'double' to 'float'
C:\Users\leosz\Desktop\Cpp\mikrotium\CloneTerraria\src\Player.cpp(568,22): warning C4305: '=': truncation from 'double' to 'float'
C:\Users\leosz\Desktop\Cpp\mikrotium\CloneTerraria\src\Player.cpp(576,22): warning C4305: '=': truncation from 'double' to 'float'
C:\Users\leosz\Desktop\Cpp\mikrotium\CloneTerraria\src\Player.cpp(642,46): warning C4244: 'argument': conversion from 'unsigned short' to 'unsigned char', possible loss of data
C:\Users\leosz\Desktop\Cpp\mikrotium\CloneTerraria\src\Player.cpp(665,46): warning C4244: 'argument': conversion from 'unsigned short' to 'unsigned char', possible loss of data
C:\Users\leosz\Desktop\Cpp\mikrotium\CloneTerraria\src\Player.cpp(684,46): warning C4244: 'argument': conversion from 'unsigned short' to 'unsigned char', possible loss of data
C:\Users\leosz\Desktop\Cpp\mikrotium\CloneTerraria\src\Player.cpp(703,46): warning C4244: 'argument': conversion from 'unsigned short' to 'unsigned char', possible loss of data
C:\Users\leosz\Desktop\Cpp\mikrotium\CloneTerraria\src\Player.cpp(709,52): warning C4244: 'argument': conversion from 'unsigned short' to 'unsigned char', possible loss of data
C:\Users\leosz\Desktop\Cpp\mikrotium\CloneTerraria\src\Player.cpp(932,21): warning C4018: '<': signed/unsigned mismatch
C:\Users\leosz\Desktop\Cpp\mikrotium\CloneTerraria\src\Player.cpp(960,22): warning C4018: '<': signed/unsigned mismatch
C:\Users\leosz\Desktop\Cpp\mikrotium\CloneTerraria\src\Player.cpp(973,70): warning C4244: '=': conversion from 'float' to 'int', possible loss of data
C:\Users\leosz\Desktop\Cpp\mikrotium\CloneTerraria\src\Player.cpp(996,23): warning C4018: '<': signed/unsigned mismatch
C:\Users\leosz\Desktop\Cpp\mikrotium\CloneTerraria\src\Player.cpp(1031,18): warning C4244: '=': conversion from 'int' to 'float', possible loss of data
C:\Users\leosz\Desktop\Cpp\mikrotium\CloneTerraria\src\Player.cpp(1042,42): warning C4244: '=': conversion from 'int' to 'float', possible loss of data
C:\Users\leosz\Desktop\Cpp\mikrotium\CloneTerraria\src\Player.cpp(1129,57): warning C4244: 'argument': conversion from 'unsigned short' to 'unsigned char', possible loss of data
C:\Users\leosz\Desktop\Cpp\mikrotium\CloneTerraria\src\Player.cpp(1211,27): warning C4018: '<': signed/unsigned mismatch
C:\Users\leosz\Desktop\Cpp\mikrotium\CloneTerraria\src\Player.cpp(1241,70): warning C4244: '=': conversion from 'int' to 'float', possible loss of data
C:\Users\leosz\Desktop\Cpp\mikrotium\CloneTerraria\src\Player.cpp(1244,83): warning C4244: '+=': conversion from 'float' to 'unsigned short', possible loss of data
C:\Users\leosz\Desktop\Cpp\mikrotium\CloneTerraria\src\Player.cpp(1246,27): warning C4018: '<': signed/unsigned mismatch
C:\Users\leosz\Desktop\Cpp\mikrotium\CloneTerraria\src\Player.cpp(1248,25): warning C4244: 'initializing': conversion from 'float' to 'int', possible loss of data
C:\Users\leosz\Desktop\Cpp\mikrotium\CloneTerraria\src\Player.cpp(1306,39): warning C4553: '==': result of expression not used; did you intend '='?
C:\Users\leosz\Desktop\Cpp\mikrotium\CloneTerraria\src\Player.cpp(1326,36): warning C4244: '+=': conversion from 'float' to 'unsigned short', possible loss of data
C:\Users\leosz\Desktop\Cpp\mikrotium\CloneTerraria\src\Player.cpp(1327,49): warning C4244: '-=': conversion from 'float' to 'unsigned short', possible loss of data
C:\Users\leosz\Desktop\Cpp\mikrotium\CloneTerraria\src\Player.cpp(1525,45): warning C4838: conversion from 'double' to 'float' requires a narrowing conversion
C:\Users\leosz\Desktop\Cpp\mikrotium\CloneTerraria\src\Player.cpp(1525,45): warning C4244: 'initializing': conversion from 'double' to 'float', possible loss of data
C:\Users\leosz\Desktop\Cpp\mikrotium\CloneTerraria\src\Player.cpp(1525,67): warning C4838: conversion from 'double' to 'float' requires a narrowing conversion
C:\Users\leosz\Desktop\Cpp\mikrotium\CloneTerraria\src\Player.cpp(1525,67): warning C4244: 'initializing': conversion from 'double' to 'float', possible loss of data
C:\Users\leosz\Desktop\Cpp\mikrotium\CloneTerraria\src\Player.cpp(1525,89): warning C4838: conversion from 'double' to 'float' requires a narrowing conversion
C:\Users\leosz\Desktop\Cpp\mikrotium\CloneTerraria\src\Player.cpp(1525,89): warning C4244: 'initializing': conversion from 'double' to 'float', possible loss of data
C:\Users\leosz\Desktop\Cpp\mikrotium\CloneTerraria\src\Player.cpp(1525,110): warning C4838: conversion from 'double' to 'float' requires a narrowing conversion
C:\Users\leosz\Desktop\Cpp\mikrotium\CloneTerraria\src\Player.cpp(1525,110): warning C4244: 'initializing': conversion from 'double' to 'float', possible loss of data
C:\Users\leosz\Desktop\Cpp\mikrotium\CloneTerraria\src\Player.cpp(1526,34): warning C4244: 'argument': conversion from 'double' to 'float', possible loss of data
C:\Users\leosz\Desktop\Cpp\mikrotium\CloneTerraria\src\Player.cpp(1526,8): warning C4244: 'initializing': conversion from 'float' to 'int', possible loss of data
C:\Users\leosz\Desktop\Cpp\mikrotium\CloneTerraria\src\Player.cpp(1527,34): warning C4244: 'argument': conversion from 'double' to 'float', possible loss of data
C:\Users\leosz\Desktop\Cpp\mikrotium\CloneTerraria\src\Player.cpp(1527,8): warning C4244: 'initializing': conversion from 'float' to 'int', possible loss of data
C:\Users\leosz\Desktop\Cpp\mikrotium\CloneTerraria\src\Player.cpp(1542,14): warning C4244: 'initializing': conversion from 'float' to 'int', possible loss of data
C:\Users\leosz\Desktop\Cpp\mikrotium\CloneTerraria\src\Player.cpp(1543,14): warning C4244: 'initializing': conversion from 'float' to 'int', possible loss of data
C:\Users\leosz\Desktop\Cpp\mikrotium\CloneTerraria\src\Player.cpp(1571,41): warning C4244: 'argument': conversion from 'int' to 'float', possible loss of data
C:\Users\leosz\Desktop\Cpp\mikrotium\CloneTerraria\src\Player.cpp(1576,37): warning C4244: '=': conversion from 'int' to 'float', possible loss of data
C:\Users\leosz\Desktop\Cpp\mikrotium\CloneTerraria\src\Player.cpp(1577,39): warning C4244: '=': conversion from 'int' to 'float', possible loss of data
C:\Users\leosz\Desktop\Cpp\mikrotium\CloneTerraria\src\Player.cpp(1578,39): warning C4244: '=': conversion from 'int' to 'float', possible loss of data
C:\Users\leosz\Desktop\Cpp\mikrotium\CloneTerraria\src\Player.cpp(1579,37): warning C4244: '=': conversion from 'int' to 'float', possible loss of data
C:\Users\leosz\Desktop\Cpp\mikrotium\CloneTerraria\src\Player.cpp(1589,43): warning C4244: 'argument': conversion from 'int' to 'float', possible loss of data
C:\Users\leosz\Desktop\Cpp\mikrotium\CloneTerraria\src\Player.cpp(1589,40): warning C4244: 'argument': conversion from 'int' to 'float', possible loss of data
C:\Users\leosz\Desktop\Cpp\mikrotium\CloneTerraria\src\Player.cpp(1654,63): warning C4244: 'argument': conversion from 'int' to 'float', possible loss of data
C:\Users\leosz\Desktop\Cpp\mikrotium\CloneTerraria\src\Player.cpp(1654,61): warning C4244: 'argument': conversion from 'int' to 'float', possible loss of data
C:\Users\leosz\Desktop\Cpp\mikrotium\CloneTerraria\src\Player.cpp(1682,63): warning C4244: 'argument': conversion from 'unsigned short' to 'unsigned char', possible loss of data
C:\Users\leosz\Desktop\Cpp\mikrotium\CloneTerraria\src\Player.cpp(1710,27): warning C4018: '<': signed/unsigned mismatch
C:\Users\leosz\Desktop\Cpp\mikrotium\CloneTerraria\src\Player.cpp(1781,85): warning C4838: conversion from 'double' to 'float' requires a narrowing conversion
C:\Users\leosz\Desktop\Cpp\mikrotium\CloneTerraria\src\Player.cpp(1781,85): warning C4244: 'initializing': conversion from 'double' to 'float', possible loss of data
C:\Users\leosz\Desktop\Cpp\mikrotium\CloneTerraria\src\Player.cpp(1781,164): warning C4838: conversion from 'double' to 'float' requires a narrowing conversion
C:\Users\leosz\Desktop\Cpp\mikrotium\CloneTerraria\src\Player.cpp(1781,164): warning C4244: 'initializing': conversion from 'double' to 'float', possible loss of data
C:\Users\leosz\Desktop\Cpp\mikrotium\CloneTerraria\src\Player.cpp(1790,95): warning C4244: 'argument': conversion from 'unsigned short' to 'unsigned char', possible loss of data
C:\Users\leosz\Desktop\Cpp\mikrotium\CloneTerraria\src\Player.cpp(1796,95): warning C4244: 'argument': conversion from 'unsigned short' to 'unsigned char', possible loss of data
C:\Users\leosz\Desktop\Cpp\mikrotium\CloneTerraria\src\Player.cpp(1801,95): warning C4244: 'argument': conversion from 'unsigned short' to 'unsigned char', possible loss of data
C:\Users\leosz\Desktop\Cpp\mikrotium\CloneTerraria\src\Player.cpp(1843,43): warning C4018: '<': signed/unsigned mismatch
C:\Users\leosz\Desktop\Cpp\mikrotium\CloneTerraria\src\Player.cpp(1853,53): warning C4244: '-=': conversion from 'float' to 'char', possible loss of data
C:\Users\leosz\Desktop\Cpp\mikrotium\CloneTerraria\src\Player.cpp(1911,42): warning C4018: '<': signed/unsigned mismatch
C:\Users\leosz\Desktop\Cpp\mikrotium\CloneTerraria\src\Player.cpp(1921,52): warning C4244: '-=': conversion from 'float' to 'char', possible loss of data
C:\Users\leosz\Desktop\Cpp\mikrotium\CloneTerraria\src\Player.cpp(1951,42): warning C4018: '<': signed/unsigned mismatch
C:\Users\leosz\Desktop\Cpp\mikrotium\CloneTerraria\src\Player.cpp(1961,52): warning C4244: '-=': conversion from 'float' to 'char', possible loss of data
C:\Users\leosz\Desktop\Cpp\mikrotium\CloneTerraria\src\Player.cpp(1964,28): warning C4018: '<': signed/unsigned mismatch
C:\Users\leosz\Desktop\Cpp\mikrotium\CloneTerraria\src\Player.cpp(1975,29): warning C4018: '<': signed/unsigned mismatch
C:\Users\leosz\Desktop\Cpp\mikrotium\CloneTerraria\src\Player.cpp(2033,28): warning C4018: '<': signed/unsigned mismatch
C:\Users\leosz\Desktop\Cpp\mikrotium\CloneTerraria\src\Player.cpp(2103,26): warning C4244: '=': conversion from 'short' to 'char', possible loss of data
C:\Users\leosz\Desktop\Cpp\mikrotium\CloneTerraria\src\Player.cpp(2113,26): warning C4244: '=': conversion from 'short' to 'char', possible loss of data
C:\Users\leosz\Desktop\Cpp\mikrotium\CloneTerraria\src\Player.cpp(2123,26): warning C4244: '=': conversion from 'short' to 'char', possible loss of data
C:\Users\leosz\Desktop\Cpp\mikrotium\CloneTerraria\src\Player.cpp(2288,57): warning C4244: 'argument': conversion from 'float' to 'int', possible loss of data
C:\Users\leosz\Desktop\Cpp\mikrotium\CloneTerraria\src\Player.cpp(2303,21): warning C4244: '=': conversion from 'float' to 'int', possible loss of data
C:\Users\leosz\Desktop\Cpp\mikrotium\CloneTerraria\src\Player.cpp(2305,28): warning C4244: '=': conversion from 'int' to 'float', possible loss of data
C:\Users\leosz\Desktop\Cpp\mikrotium\CloneTerraria\src\Player.cpp(2308,21): warning C4244: '=': conversion from 'float' to 'int', possible loss of data
C:\Users\leosz\Desktop\Cpp\mikrotium\CloneTerraria\src\Player.cpp(2310,28): warning C4244: '=': conversion from 'int' to 'float', possible loss of data
C:\Users\leosz\Desktop\Cpp\mikrotium\CloneTerraria\src\Player.cpp(2313,21): warning C4244: '=': conversion from 'float' to 'int', possible loss of data
C:\Users\leosz\Desktop\Cpp\mikrotium\CloneTerraria\src\Player.cpp(2315,28): warning C4244: '=': conversion from 'int' to 'float', possible loss of data
C:\Users\leosz\Desktop\Cpp\mikrotium\CloneTerraria\src\Player.cpp(2320,21): warning C4244: '=': conversion from 'float' to 'int', possible loss of data
C:\Users\leosz\Desktop\Cpp\mikrotium\CloneTerraria\src\Player.cpp(2322,28): warning C4244: '=': conversion from 'int' to 'float', possible loss of data
C:\Users\leosz\Desktop\Cpp\mikrotium\CloneTerraria\src\Player.cpp(2338,20): warning C4018: '<': signed/unsigned mismatch
C:\Users\leosz\Desktop\Cpp\mikrotium\CloneTerraria\src\Player.cpp(2492,161): warning C4244: 'argument': conversion from 'double' to 'float', possible loss of data
C:\Users\leosz\Desktop\Cpp\mikrotium\CloneTerraria\src\Player.cpp(2492,82): warning C4244: 'argument': conversion from 'double' to 'float', possible loss of data
C:\Users\leosz\Desktop\Cpp\mikrotium\CloneTerraria\src\Player.cpp(2492,212): warning C4244: '=': conversion from 'double' to 'float', possible loss of data
C:\Users\leosz\Desktop\Cpp\mikrotium\CloneTerraria\src\Player.cpp(2495,38): warning C4244: '=': conversion from 'float' to 'short', possible loss of data
C:\Users\leosz\Desktop\Cpp\mikrotium\CloneTerraria\src\Player.cpp(2504,24): warning C4018: '<': signed/unsigned mismatch
C:\Users\leosz\Desktop\Cpp\mikrotium\CloneTerraria\src\Player.cpp(2532,28): warning C4018: '<': signed/unsigned mismatch
C:\Users\leosz\Desktop\Cpp\mikrotium\CloneTerraria\src\Player.cpp(2581,22): warning C4018: '<': signed/unsigned mismatch
C:\Users\leosz\Desktop\Cpp\mikrotium\CloneTerraria\src\Player.cpp(2606,29): warning C4244: '+=': conversion from 'float' to 'int', possible loss of data
C:\Users\leosz\Desktop\Cpp\mikrotium\CloneTerraria\src\Player.cpp(2833,24): warning C4018: '<': signed/unsigned mismatch
C:\Users\leosz\Desktop\Cpp\mikrotium\CloneTerraria\src\Player.cpp(2927,24): warning C4018: '<': signed/unsigned mismatch
C:\Program Files\Microsoft Visual Studio\18\Community\VC\Tools\MSVC\14.44.35207\include\xmemory(732,103): warning C4244: 'argument': conversion from 'int' to 'float', possible loss of data
  (compiling source file 'src/Player.cpp')
      C:\Program Files\Microsoft Visual Studio\18\Community\VC\Tools\MSVC\14.44.35207\include\xmemory(732,103):
      the template instantiation context (the oldest one first) is
          C:\Users\leosz\Desktop\Cpp\mikrotium\CloneTerraria\src\Player.cpp(1856,24):
          see reference to function template instantiation 'void std::vector<DroppedItem,std::allocator<DroppedItem>>::emplace_back<int&,int&,int,unsigned short&,int,bool>(int &,int &,int &&,unsigned short &,int &&,bool &&)' being compiled
              C:\Users\leosz\Desktop\Cpp\mikrotium\CloneTerraria\src\Player.cpp(1856,36):
              see the first reference to 'std::vector<DroppedItem,std::allocator<DroppedItem>>::emplace_back' in 'Player::EveryFrame'
          C:\Program Files\Microsoft Visual Studio\18\Community\VC\Tools\MSVC\14.44.35207\include\vector(924,24):
          see reference to function template instantiation '_Ty &std::vector<_Ty,std::allocator<_Ty>>::_Emplace_one_at_back<int&,int&,int,unsigned short&,int,bool>(int &,int &,int &&,unsigned short &,int &&,bool &&)' being compiled
          with
          [
              _Ty=DroppedItem
          ]
          C:\Program Files\Microsoft Visual Studio\18\Community\VC\Tools\MSVC\14.44.35207\include\vector(845,20):
          see reference to function template instantiation '_Ty &std::vector<_Ty,std::allocator<_Ty>>::_Emplace_back_with_unused_capacity<int&,int&,int,unsigned short&,int,bool>(int &,int &,int &&,unsigned short &,int &&,bool &&)' being compiled
          with
          [
              _Ty=DroppedItem
          ]
          C:\Program Files\Microsoft Visual Studio\18\Community\VC\Tools\MSVC\14.44.35207\include\vector(863,27):
          see reference to function template instantiation 'void std::_Default_allocator_traits<_Alloc>::construct<_Ty,int&,int&,int,unsigned short&,int,bool>(_Alloc &,_Objty *const ,int &,int &,int &&,unsigned short &,int &&,bool &&)' being compiled
          with
          [
              _Alloc=std::allocator<DroppedItem>,
              _Ty=DroppedItem,
              _Objty=DroppedItem
          ]
  
C:\Program Files\Microsoft Visual Studio\18\Community\VC\Tools\MSVC\14.44.35207\include\xmemory(732,103): warning C4244: 'argument': conversion from '_Ty' to 'char', possible loss of data
C:\Program Files\Microsoft Visual Studio\18\Community\VC\Tools\MSVC\14.44.35207\include\xmemory(732,103): warning C4244:         with
C:\Program Files\Microsoft Visual Studio\18\Community\VC\Tools\MSVC\14.44.35207\include\xmemory(732,103): warning C4244:         [
C:\Program Files\Microsoft Visual Studio\18\Community\VC\Tools\MSVC\14.44.35207\include\xmemory(732,103): warning C4244:             _Ty=float
C:\Program Files\Microsoft Visual Studio\18\Community\VC\Tools\MSVC\14.44.35207\include\xmemory(732,103): warning C4244:         ]
  (compiling source file 'src/Player.cpp')
      C:\Program Files\Microsoft Visual Studio\18\Community\VC\Tools\MSVC\14.44.35207\include\xmemory(732,103):
      the template instantiation context (the oldest one first) is
          C:\Users\leosz\Desktop\Cpp\mikrotium\CloneTerraria\src\Player.cpp(1868,23):
          see reference to function template instantiation 'void std::vector<DamagedBlock,std::allocator<DamagedBlock>>::emplace_back<int&,int&,float>(int &,int &,float &&)' being compiled
              C:\Users\leosz\Desktop\Cpp\mikrotium\CloneTerraria\src\Player.cpp(1868,35):
              see the first reference to 'std::vector<DamagedBlock,std::allocator<DamagedBlock>>::emplace_back' in 'Player::EveryFrame'
          C:\Program Files\Microsoft Visual Studio\18\Community\VC\Tools\MSVC\14.44.35207\include\vector(924,24):
          see reference to function template instantiation '_Ty &std::vector<_Ty,std::allocator<_Ty>>::_Emplace_one_at_back<int&,int&,float>(int &,int &,float &&)' being compiled
          with
          [
              _Ty=DamagedBlock
          ]
          C:\Program Files\Microsoft Visual Studio\18\Community\VC\Tools\MSVC\14.44.35207\include\vector(845,20):
          see reference to function template instantiation '_Ty &std::vector<_Ty,std::allocator<_Ty>>::_Emplace_back_with_unused_capacity<int&,int&,float>(int &,int &,float &&)' being compiled
          with
          [
              _Ty=DamagedBlock
          ]
          C:\Program Files\Microsoft Visual Studio\18\Community\VC\Tools\MSVC\14.44.35207\include\vector(863,27):
          see reference to function template instantiation 'void std::_Default_allocator_traits<_Alloc>::construct<_Ty,int&,int&,float>(_Alloc &,_Objty *const ,int &,int &,float &&)' being compiled
          with
          [
              _Alloc=std::allocator<DamagedBlock>,
              _Ty=DamagedBlock,
              _Objty=DamagedBlock
          ]
  
  cursor.cpp
C:\Users\leosz\Desktop\Cpp\mikrotium\CloneTerraria\src\glfw\cursor.cpp(38,43): warning C4244: 'argument': conversion from 'double' to 'float', possible loss of data
C:\Users\leosz\Desktop\Cpp\mikrotium\CloneTerraria\src\glfw\cursor.cpp(38,8): warning C4244: 'initializing': conversion from 'float' to 'int', possible loss of data
C:\Users\leosz\Desktop\Cpp\mikrotium\CloneTerraria\src\glfw\cursor.cpp(39,43): warning C4244: 'argument': conversion from 'double' to 'float', possible loss of data
C:\Users\leosz\Desktop\Cpp\mikrotium\CloneTerraria\src\glfw\cursor.cpp(39,8): warning C4244: 'initializing': conversion from 'float' to 'int', possible loss of data
C:\Users\leosz\Desktop\Cpp\mikrotium\CloneTerraria\src\glfw\cursor.cpp(44,22): warning C4244: 'argument': conversion from 'int' to 'float', possible loss of data
C:\Users\leosz\Desktop\Cpp\mikrotium\CloneTerraria\src\glfw\cursor.cpp(44,19): warning C4244: 'argument': conversion from 'int' to 'float', possible loss of data
C:\Users\leosz\Desktop\Cpp\mikrotium\CloneTerraria\src\glfw\cursor.cpp(81,22): warning C4244: 'argument': conversion from 'int' to 'float', possible loss of data
C:\Users\leosz\Desktop\Cpp\mikrotium\CloneTerraria\src\glfw\cursor.cpp(81,19): warning C4244: 'argument': conversion from 'int' to 'float', possible loss of data
C:\Users\leosz\Desktop\Cpp\mikrotium\CloneTerraria\src\glfw\cursor.cpp(88,54): warning C4244: 'argument': conversion from 'double' to 'float', possible loss of data
C:\Users\leosz\Desktop\Cpp\mikrotium\CloneTerraria\src\glfw\cursor.cpp(88,25): warning C4244: 'argument': conversion from 'double' to 'float', possible loss of data
C:\Users\leosz\Desktop\Cpp\mikrotium\CloneTerraria\src\glfw\cursor.cpp(90,44): warning C4244: 'argument': conversion from 'int' to 'float', possible loss of data
C:\Users\leosz\Desktop\Cpp\mikrotium\CloneTerraria\src\glfw\cursor.cpp(90,26): warning C4244: 'argument': conversion from 'int' to 'float', possible loss of data
C:\Users\leosz\Desktop\Cpp\mikrotium\CloneTerraria\src\glfw\cursor.cpp(106,16): warning C4244: 'initializing': conversion from 'double' to 'float', possible loss of data
C:\Users\leosz\Desktop\Cpp\mikrotium\CloneTerraria\src\glfw\cursor.cpp(107,15): warning C4244: 'initializing': conversion from 'double' to 'float', possible loss of data
C:\Users\leosz\Desktop\Cpp\mikrotium\CloneTerraria\src\glfw\cursor.cpp(108,83): warning C4244: 'argument': conversion from 'double' to 'float', possible loss of data
C:\Users\leosz\Desktop\Cpp\mikrotium\CloneTerraria\src\glfw\cursor.cpp(119,16): warning C4244: 'initializing': conversion from 'double' to 'float', possible loss of data
C:\Users\leosz\Desktop\Cpp\mikrotium\CloneTerraria\src\glfw\cursor.cpp(120,15): warning C4244: 'initializing': conversion from 'double' to 'float', possible loss of data
C:\Users\leosz\Desktop\Cpp\mikrotium\CloneTerraria\src\glfw\cursor.cpp(121,83): warning C4244: 'argument': conversion from 'double' to 'float', possible loss of data
  projectile.cpp
C:\Users\leosz\Desktop\Cpp\mikrotium\CloneTerraria\src\projectile.cpp(58,20): warning C4018: '<': signed/unsigned mismatch
C:\Users\leosz\Desktop\Cpp\mikrotium\CloneTerraria\src\projectile.cpp(112,20): warning C4018: '<': signed/unsigned mismatch
C:\Users\leosz\Desktop\Cpp\mikrotium\CloneTerraria\src\projectile.cpp(125,21): warning C4018: '<': signed/unsigned mismatch
C:\Users\leosz\Desktop\Cpp\mikrotium\CloneTerraria\src\projectile.cpp(195,10): warning C4244: 'initializing': conversion from 'float' to 'int', possible loss of data
C:\Users\leosz\Desktop\Cpp\mikrotium\CloneTerraria\src\projectile.cpp(196,10): warning C4244: 'initializing': conversion from 'float' to 'int', possible loss of data
C:\Users\leosz\Desktop\Cpp\mikrotium\CloneTerraria\src\projectile.cpp(209,40): warning C4244: 'argument': conversion from 'int' to 'float', possible loss of data
C:\Users\leosz\Desktop\Cpp\mikrotium\CloneTerraria\src\projectile.cpp(209,37): warning C4244: 'argument': conversion from 'int' to 'float', possible loss of data
C:\Users\leosz\Desktop\Cpp\mikrotium\CloneTerraria\src\projectile.cpp(213,47): warning C4244: 'argument': conversion from 'float' to 'int', possible loss of data
C:\Users\leosz\Desktop\Cpp\mikrotium\CloneTerraria\src\projectile.cpp(213,23): warning C4244: 'argument': conversion from 'float' to 'int', possible loss of data
C:\Users\leosz\Desktop\Cpp\mikrotium\CloneTerraria\src\projectile.cpp(255,21): warning C4305: 'initializing': truncation from 'double' to 'float'
C:\Users\leosz\Desktop\Cpp\mikrotium\CloneTerraria\src\projectile.cpp(565,17): warning C4244: 'argument': conversion from 'double' to 'float', possible loss of data
C:\Users\leosz\Desktop\Cpp\mikrotium\CloneTerraria\src\projectile.cpp(569,20): warning C4244: 'argument': conversion from 'double' to 'float', possible loss of data
C:\Users\leosz\Desktop\Cpp\mikrotium\CloneTerraria\src\projectile.cpp(591,20): warning C4018: '<': signed/unsigned mismatch
C:\Users\leosz\Desktop\Cpp\mikrotium\CloneTerraria\src\projectile.cpp(596,22): warning C4018: '<': signed/unsigned mismatch
C:\Program Files\Microsoft Visual Studio\18\Community\VC\Tools\MSVC\14.44.35207\include\xmemory(732,103): warning C4244: 'argument': conversion from '_Ty' to 'float', possible loss of data
C:\Program Files\Microsoft Visual Studio\18\Community\VC\Tools\MSVC\14.44.35207\include\xmemory(732,103): warning C4244:         with
C:\Program Files\Microsoft Visual Studio\18\Community\VC\Tools\MSVC\14.44.35207\include\xmemory(732,103): warning C4244:         [
C:\Program Files\Microsoft Visual Studio\18\Community\VC\Tools\MSVC\14.44.35207\include\xmemory(732,103): warning C4244:             _Ty=int
C:\Program Files\Microsoft Visual Studio\18\Community\VC\Tools\MSVC\14.44.35207\include\xmemory(732,103): warning C4244:         ]
  (compiling source file 'src/projectile.cpp')
      C:\Program Files\Microsoft Visual Studio\18\Community\VC\Tools\MSVC\14.44.35207\include\xmemory(732,103):
      the template instantiation context (the oldest one first) is
          C:\Users\leosz\Desktop\Cpp\mikrotium\CloneTerraria\src\projectile.cpp(78,14):
          see reference to function template instantiation 'void std::vector<BoomParticle,std::allocator<BoomParticle>>::emplace_back<float(&)[2],float(&)[4],int,int>(float (&)[2],float (&)[4],int &&,int &&)' being compiled
              C:\Users\leosz\Desktop\Cpp\mikrotium\CloneTerraria\src\projectile.cpp(78,26):
              see the first reference to 'std::vector<BoomParticle,std::allocator<BoomParticle>>::emplace_back' in 'Projectile::HitEnemy'
          C:\Program Files\Microsoft Visual Studio\18\Community\VC\Tools\MSVC\14.44.35207\include\vector(924,24):
          see reference to function template instantiation '_Ty &std::vector<_Ty,std::allocator<_Ty>>::_Emplace_one_at_back<float(&)[2],float(&)[4],int,int>(float (&)[2],float (&)[4],int &&,int &&)' being compiled
          with
          [
              _Ty=BoomParticle
          ]
          C:\Program Files\Microsoft Visual Studio\18\Community\VC\Tools\MSVC\14.44.35207\include\vector(845,20):
          see reference to function template instantiation '_Ty &std::vector<_Ty,std::allocator<_Ty>>::_Emplace_back_with_unused_capacity<float(&)[2],float(&)[4],int,int>(float (&)[2],float (&)[4],int &&,int &&)' being compiled
          with
          [
              _Ty=BoomParticle
          ]
          C:\Program Files\Microsoft Visual Studio\18\Community\VC\Tools\MSVC\14.44.35207\include\vector(863,27):
          see reference to function template instantiation 'void std::_Default_allocator_traits<_Alloc>::construct<_Ty,float(&)[2],float(&)[4],int,int>(_Alloc &,_Objty *const ,float (&)[2],float (&)[4],int &&,int &&)' being compiled
          with
          [
              _Alloc=std::allocator<BoomParticle>,
              _Ty=BoomParticle,
              _Objty=BoomParticle
          ]
  
C:\Program Files\Microsoft Visual Studio\18\Community\VC\Tools\MSVC\14.44.35207\include\xmemory(732,103): warning C4244: 'argument': conversion from 'int' to 'float', possible loss of data
  (compiling source file 'src/projectile.cpp')
      C:\Program Files\Microsoft Visual Studio\18\Community\VC\Tools\MSVC\14.44.35207\include\xmemory(732,103):
      the template instantiation context (the oldest one first) is
          C:\Users\leosz\Desktop\Cpp\mikrotium\CloneTerraria\src\projectile.cpp(217,15):
          see reference to function template instantiation 'void std::vector<DroppedItem,std::allocator<DroppedItem>>::emplace_back<int&,int&,int,Items,int,bool>(int &,int &,int &&,Items &&,int &&,bool &&)' being compiled
              C:\Users\leosz\Desktop\Cpp\mikrotium\CloneTerraria\src\projectile.cpp(217,27):
              see the first reference to 'std::vector<DroppedItem,std::allocator<DroppedItem>>::emplace_back' in 'Projectile::EveryFrame'
          C:\Program Files\Microsoft Visual Studio\18\Community\VC\Tools\MSVC\14.44.35207\include\vector(924,24):
          see reference to function template instantiation '_Ty &std::vector<_Ty,std::allocator<_Ty>>::_Emplace_one_at_back<int&,int&,int,Items,int,bool>(int &,int &,int &&,Items &&,int &&,bool &&)' being compiled
          with
          [
              _Ty=DroppedItem
          ]
          C:\Program Files\Microsoft Visual Studio\18\Community\VC\Tools\MSVC\14.44.35207\include\vector(845,20):
          see reference to function template instantiation '_Ty &std::vector<_Ty,std::allocator<_Ty>>::_Emplace_back_with_unused_capacity<int&,int&,int,Items,int,bool>(int &,int &,int &&,Items &&,int &&,bool &&)' being compiled
          with
          [
              _Ty=DroppedItem
          ]
          C:\Program Files\Microsoft Visual Studio\18\Community\VC\Tools\MSVC\14.44.35207\include\vector(863,27):
          see reference to function template instantiation 'void std::_Default_allocator_traits<_Alloc>::construct<_Ty,int&,int&,int,Items,int,bool>(_Alloc &,_Objty *const ,int &,int &,int &&,Items &&,int &&,bool &&)' being compiled
          with
          [
              _Alloc=std::allocator<DroppedItem>,
              _Ty=DroppedItem,
              _Objty=DroppedItem
          ]
  
  Generating Code...
  CloneTerraria.vcxproj -> C:\Users\leosz\Desktop\Cpp\mikrotium\bin\Win32\Debug\mikrotium.exe
