c:\users\leosz\desktop\cpp\mikrotium\bin\intermeddiate\win32\debug\vc143.pdb
c:\users\leosz\desktop\cpp\mikrotium\bin\intermeddiate\win32\debug\vc143.idb
c:\users\leosz\desktop\cpp\mikrotium\bin\intermeddiate\win32\debug\projectile.obj
c:\users\leosz\desktop\cpp\mikrotium\bin\intermeddiate\win32\debug\window.obj
c:\users\leosz\desktop\cpp\mikrotium\bin\intermeddiate\win32\debug\player.obj
c:\users\leosz\desktop\cpp\mikrotium\bin\intermeddiate\win32\debug\texture.obj
c:\users\leosz\desktop\cpp\mikrotium\bin\intermeddiate\win32\debug\shader.obj
c:\users\leosz\desktop\cpp\mikrotium\bin\intermeddiate\win32\debug\numberrender.obj
c:\users\leosz\desktop\cpp\mikrotium\bin\intermeddiate\win32\debug\matrix.obj
c:\users\leosz\desktop\cpp\mikrotium\bin\intermeddiate\win32\debug\main.obj
c:\users\leosz\desktop\cpp\mikrotium\bin\intermeddiate\win32\debug\imageloader.obj
c:\users\leosz\desktop\cpp\mikrotium\bin\intermeddiate\win32\debug\errorsystem.obj
c:\users\leosz\desktop\cpp\mikrotium\bin\intermeddiate\win32\debug\drawdata.obj
c:\users\leosz\desktop\cpp\mikrotium\bin\intermeddiate\win32\debug\vectoroperation.obj
c:\users\leosz\desktop\cpp\mikrotium\bin\intermeddiate\win32\debug\input.obj
c:\users\leosz\desktop\cpp\mikrotium\bin\intermeddiate\win32\debug\cursor.obj
c:\users\leosz\desktop\cpp\mikrotium\bin\intermeddiate\win32\debug\droppeditems.obj
c:\users\leosz\desktop\cpp\mikrotium\bin\intermeddiate\win32\debug\blocksandwalls.obj
c:\users\leosz\desktop\cpp\mikrotium\bin\intermeddiate\win32\debug\collision.obj
c:\users\leosz\desktop\cpp\mikrotium\bin\intermeddiate\win32\debug\flora.obj
c:\users\leosz\desktop\cpp\mikrotium\bin\intermeddiate\win32\debug\enemy.obj
c:\users\leosz\desktop\cpp\mikrotium\bin\win32\debug\mikrotium.exe
c:\users\leosz\desktop\cpp\mikrotium\bin\win32\debug\mikrotium.pdb
c:\users\leosz\desktop\cpp\mikrotium\bin\intermeddiate\win32\debug\mikrotium.ilk
c:\users\leosz\desktop\cpp\mikrotium\bin\intermeddiate\win32\debug\blocks.obj
c:\users\leosz\desktop\cpp\mikrotium\bin\intermeddiate\win32\debug\hud.obj
c:\users\leosz\desktop\cpp\mikrotium\bin\intermeddiate\win32\debug\walls.obj
c:\users\leosz\desktop\cpp\mikrotium\bin\intermeddiate\win32\debug\blocks.obj.enc
c:\users\leosz\desktop\cpp\mikrotium\bin\intermeddiate\win32\debug\blocksandwalls.obj.enc
c:\users\leosz\desktop\cpp\mikrotium\bin\intermeddiate\win32\debug\collision.obj.enc
c:\users\leosz\desktop\cpp\mikrotium\bin\intermeddiate\win32\debug\flora.obj.enc
c:\users\leosz\desktop\cpp\mikrotium\bin\intermeddiate\win32\debug\main.obj.enc
c:\users\leosz\desktop\cpp\mikrotium\bin\intermeddiate\win32\debug\player.obj.enc
c:\users\leosz\desktop\cpp\mikrotium\bin\intermeddiate\win32\debug\projectile.obj.enc
c:\users\leosz\desktop\cpp\mikrotium\bin\intermeddiate\win32\debug\window.obj.enc
c:\users\leosz\desktop\cpp\mikrotium\bin\intermeddiate\win32\debug\cloneterraria.vcxproj.filelistabsolute.txt
c:\users\leosz\desktop\cpp\mikrotium\bin\intermeddiate\win32\debug\mikrotium.tlog\cl.command.1.tlog
c:\users\leosz\desktop\cpp\mikrotium\bin\intermeddiate\win32\debug\mikrotium.tlog\cl.items.tlog
c:\users\leosz\desktop\cpp\mikrotium\bin\intermeddiate\win32\debug\mikrotium.tlog\cl.read.1.tlog
c:\users\leosz\desktop\cpp\mikrotium\bin\intermeddiate\win32\debug\mikrotium.tlog\cl.write.1.tlog
c:\users\leosz\desktop\cpp\mikrotium\bin\intermeddiate\win32\debug\mikrotium.tlog\link.command.1.tlog
c:\users\leosz\desktop\cpp\mikrotium\bin\intermeddiate\win32\debug\mikrotium.tlog\link.read.1.tlog
c:\users\leosz\desktop\cpp\mikrotium\bin\intermeddiate\win32\debug\mikrotium.tlog\link.secondary.1.tlog
c:\users\leosz\desktop\cpp\mikrotium\bin\intermeddiate\win32\debug\mikrotium.tlog\link.write.1.tlog
