  Main.cpp
C:\Users\leosz\Desktop\Cpp\mikrotium\CloneTerraria\src\Main.cpp(33,12): warning C4244: 'argument': conversion from 'time_t' to 'unsigned int', possible loss of data
C:\Users\leosz\Desktop\Cpp\mikrotium\CloneTerraria\src\Main.cpp(125,44): warning C4244: 'argument': conversion from 'int' to 'float', possible loss of data
C:\Users\leosz\Desktop\Cpp\mikrotium\CloneTerraria\src\Main.cpp(125,26): warning C4244: 'argument': conversion from 'int' to 'float', possible loss of data
C:\Users\leosz\Desktop\Cpp\mikrotium\CloneTerraria\src\Main.cpp(240,46): warning C4244: 'argument': conversion from 'int' to 'float', possible loss of data
C:\Users\leosz\Desktop\Cpp\mikrotium\CloneTerraria\src\Main.cpp(240,28): warning C4244: 'argument': conversion from 'int' to 'float', possible loss of data
C:\Users\leosz\Desktop\Cpp\mikrotium\CloneTerraria\src\Main.cpp(338,31): warning C4244: '=': conversion from 'double' to 'float', possible loss of data
C:\Users\leosz\Desktop\Cpp\mikrotium\CloneTerraria\src\Main.cpp(349,23): warning C4018: '<': signed/unsigned mismatch
C:\Users\leosz\Desktop\Cpp\mikrotium\CloneTerraria\src\Main.cpp(358,23): warning C4018: '<': signed/unsigned mismatch
C:\Users\leosz\Desktop\Cpp\mikrotium\CloneTerraria\src\Main.cpp(363,91): warning C4244: 'argument': conversion from 'short' to 'char', possible loss of data
C:\Users\leosz\Desktop\Cpp\mikrotium\CloneTerraria\src\Main.cpp(368,23): warning C4018: '<': signed/unsigned mismatch
C:\Users\leosz\Desktop\Cpp\mikrotium\CloneTerraria\src\Main.cpp(384,23): warning C4018: '<': signed/unsigned mismatch
C:\Users\leosz\Desktop\Cpp\mikrotium\CloneTerraria\src\Main.cpp(407,23): warning C4018: '<': signed/unsigned mismatch
C:\Users\leosz\Desktop\Cpp\mikrotium\CloneTerraria\src\Main.cpp(416,23): warning C4018: '<': signed/unsigned mismatch
C:\Users\leosz\Desktop\Cpp\mikrotium\CloneTerraria\src\Main.cpp(419,24): warning C4018: '<': signed/unsigned mismatch
C:\Users\leosz\Desktop\Cpp\mikrotium\CloneTerraria\src\Main.cpp(457,23): warning C4018: '<': signed/unsigned mismatch
C:\Users\leosz\Desktop\Cpp\mikrotium\CloneTerraria\src\Main.cpp(463,23): warning C4018: '<': signed/unsigned mismatch
C:\Users\leosz\Desktop\Cpp\mikrotium\CloneTerraria\src\Main.cpp(468,23): warning C4018: '<': signed/unsigned mismatch
C:\Users\leosz\Desktop\Cpp\mikrotium\CloneTerraria\src\Main.cpp(478,23): warning C4018: '<': signed/unsigned mismatch
C:\Users\leosz\Desktop\Cpp\mikrotium\CloneTerraria\src\Main.cpp(492,23): warning C4018: '<': signed/unsigned mismatch
C:\Users\leosz\Desktop\Cpp\mikrotium\CloneTerraria\src\Main.cpp(506,23): warning C4018: '<': signed/unsigned mismatch
C:\Users\leosz\Desktop\Cpp\mikrotium\CloneTerraria\src\Main.cpp(512,23): warning C4018: '<': signed/unsigned mismatch
C:\Users\leosz\Desktop\Cpp\mikrotium\CloneTerraria\src\Main.cpp(548,23): warning C4018: '<': signed/unsigned mismatch
C:\Program Files\Microsoft Visual Studio\18\Community\VC\Tools\MSVC\14.50.35717\include\xmemory(736,103): warning C4244: 'argument': conversion from 'int' to 'float', possible loss of data
  (compiling source file 'src/Main.cpp')
      C:\Program Files\Microsoft Visual Studio\18\Community\VC\Tools\MSVC\14.50.35717\include\xmemory(736,103):
      the template instantiation context (the oldest one first) is
          C:\Users\leosz\Desktop\Cpp\mikrotium\CloneTerraria\src\Main.cpp(363,17):
          see reference to function template instantiation 'void std::vector<DroppedItem,std::allocator<DroppedItem>>::emplace_back<int&,int&,int,unsigned char,int,bool>(int &,int &,int &&,unsigned char &&,int &&,bool &&)' being compiled
              C:\Users\leosz\Desktop\Cpp\mikrotium\CloneTerraria\src\Main.cpp(363,29):
              see the first reference to 'std::vector<DroppedItem,std::allocator<DroppedItem>>::emplace_back' in 'main'
          C:\Program Files\Microsoft Visual Studio\18\Community\VC\Tools\MSVC\14.50.35717\include\vector(924,24):
          see reference to function template instantiation '_Ty &std::vector<_Ty,std::allocator<_Ty>>::_Emplace_one_at_back<int&,int&,int,unsigned char,int,bool>(int &,int &,int &&,unsigned char &&,int &&,bool &&)' being compiled
          with
          [
              _Ty=DroppedItem
          ]
          C:\Program Files\Microsoft Visual Studio\18\Community\VC\Tools\MSVC\14.50.35717\include\vector(845,20):
          see reference to function template instantiation '_Ty &std::vector<_Ty,std::allocator<_Ty>>::_Emplace_back_with_unused_capacity<int&,int&,int,unsigned char,int,bool>(int &,int &,int &&,unsigned char &&,int &&,bool &&)' being compiled
          with
          [
              _Ty=DroppedItem
          ]
          C:\Program Files\Microsoft Visual Studio\18\Community\VC\Tools\MSVC\14.50.35717\include\vector(863,27):
          see reference to function template instantiation 'void std::_Default_allocator_traits<_Alloc>::construct<_Ty,int&,int&,int,unsigned char,int,bool>(_Alloc &,_Objty *const ,int &,int &,int &&,unsigned char &&,int &&,bool &&)' being compiled
          with
          [
              _Alloc=std::allocator<DroppedItem>,
              _Ty=DroppedItem,
              _Objty=DroppedItem
          ]
  
LINK : warning LNK4098: defaultlib 'LIBCMT' conflicts with use of other libs; use /NODEFAULTLIB:library
  Generating code
  0 of 2976 functions ( 0.0%) were compiled, the rest were copied from previous compilation.
    0 functions were new in current compilation
    0 functions had inline decision re-evaluated but remain unchanged
  Finished generating code
glew32s.lib(glew.obj) : warning LNK4099: PDB 'glew32s.pdb' was not found with 'glew32s.lib(glew.obj)' or at 'C:\Users\leosz\Desktop\Cpp\mikrotium\bin\Win32\Release\glew32s.pdb'; linking object as if no debug info
  CloneTerraria.vcxproj -> C:\Users\leosz\Desktop\Cpp\mikrotium\bin\Win32\Release\mikrotium.exe
