  flora.cpp
C:\Users\leosz\Desktop\Cpp\microtium\mikrotium\CloneTerraria\src\flora.cpp(12,20): warning C4018: '<': signed/unsigned mismatch
C:\Users\leosz\Desktop\Cpp\microtium\mikrotium\CloneTerraria\src\flora.cpp(32,45): warning C4244: '=': conversion from 'int' to 'float', possible loss of data
C:\Users\leosz\Desktop\Cpp\microtium\mikrotium\CloneTerraria\src\flora.cpp(32,91): warning C4244: '=': conversion from 'int' to 'float', possible loss of data
C:\Users\leosz\Desktop\Cpp\microtium\mikrotium\CloneTerraria\src\flora.cpp(33,45): warning C4244: '=': conversion from 'int' to 'float', possible loss of data
C:\Users\leosz\Desktop\Cpp\microtium\mikrotium\CloneTerraria\src\flora.cpp(33,89): warning C4244: '=': conversion from 'int' to 'float', possible loss of data
C:\Users\leosz\Desktop\Cpp\microtium\mikrotium\CloneTerraria\src\flora.cpp(47,46): warning C4244: '=': conversion from 'int' to 'float', possible loss of data
C:\Users\leosz\Desktop\Cpp\microtium\mikrotium\CloneTerraria\src\flora.cpp(47,92): warning C4244: '=': conversion from 'int' to 'float', possible loss of data
C:\Users\leosz\Desktop\Cpp\microtium\mikrotium\CloneTerraria\src\flora.cpp(48,46): warning C4244: '=': conversion from 'int' to 'float', possible loss of data
C:\Users\leosz\Desktop\Cpp\microtium\mikrotium\CloneTerraria\src\flora.cpp(48,90): warning C4244: '=': conversion from 'int' to 'float', possible loss of data
C:\Users\leosz\Desktop\Cpp\microtium\mikrotium\CloneTerraria\src\flora.cpp(51,46): warning C4244: '=': conversion from 'int' to 'float', possible loss of data
C:\Users\leosz\Desktop\Cpp\microtium\mikrotium\CloneTerraria\src\flora.cpp(51,92): warning C4244: '=': conversion from 'int' to 'float', possible loss of data
C:\Users\leosz\Desktop\Cpp\microtium\mikrotium\CloneTerraria\src\flora.cpp(52,44): warning C4244: '=': conversion from 'int' to 'float', possible loss of data
C:\Users\leosz\Desktop\Cpp\microtium\mikrotium\CloneTerraria\src\flora.cpp(52,88): warning C4244: '=': conversion from 'int' to 'float', possible loss of data
C:\Users\leosz\Desktop\Cpp\microtium\mikrotium\CloneTerraria\src\flora.cpp(55,44): warning C4244: '=': conversion from 'int' to 'float', possible loss of data
C:\Users\leosz\Desktop\Cpp\microtium\mikrotium\CloneTerraria\src\flora.cpp(55,88): warning C4244: '=': conversion from 'int' to 'float', possible loss of data
C:\Users\leosz\Desktop\Cpp\microtium\mikrotium\CloneTerraria\src\flora.cpp(56,46): warning C4244: '=': conversion from 'int' to 'float', possible loss of data
C:\Users\leosz\Desktop\Cpp\microtium\mikrotium\CloneTerraria\src\flora.cpp(56,92): warning C4244: '=': conversion from 'int' to 'float', possible loss of data
C:\Users\leosz\Desktop\Cpp\microtium\mikrotium\CloneTerraria\src\flora.cpp(90,20): warning C4244: 'argument': conversion from 'int' to 'float', possible loss of data
C:\Users\leosz\Desktop\Cpp\microtium\mikrotium\CloneTerraria\src\flora.cpp(94,49): warning C4244: 'argument': conversion from 'int' to 'float', possible loss of data
C:\Users\leosz\Desktop\Cpp\microtium\mikrotium\CloneTerraria\src\flora.cpp(94,33): warning C4244: 'argument': conversion from 'int' to 'float', possible loss of data
C:\Users\leosz\Desktop\Cpp\microtium\mikrotium\CloneTerraria\src\flora.cpp(139,18): warning C4244: 'argument': conversion from 'int' to 'float', possible loss of data
C:\Users\leosz\Desktop\Cpp\microtium\mikrotium\CloneTerraria\src\flora.cpp(142,47): warning C4244: 'argument': conversion from 'int' to 'float', possible loss of data
C:\Users\leosz\Desktop\Cpp\microtium\mikrotium\CloneTerraria\src\flora.cpp(142,31): warning C4244: 'argument': conversion from 'int' to 'float', possible loss of data
C:\Users\leosz\Desktop\Cpp\microtium\mikrotium\CloneTerraria\src\flora.cpp(165,20): warning C4018: '<': signed/unsigned mismatch
C:\Users\leosz\Desktop\Cpp\microtium\mikrotium\CloneTerraria\src\flora.cpp(182,27): warning C4018: '<': signed/unsigned mismatch
C:\Users\leosz\Desktop\Cpp\microtium\mikrotium\CloneTerraria\src\flora.cpp(187,22): warning C4018: '<': signed/unsigned mismatch
C:\Users\leosz\Desktop\Cpp\microtium\mikrotium\CloneTerraria\src\flora.cpp(203,21): warning C4018: '<': signed/unsigned mismatch
C:\Users\leosz\Desktop\Cpp\microtium\mikrotium\CloneTerraria\src\flora.cpp(212,30): warning C4244: '=': conversion from 'int' to 'float', possible loss of data
C:\Users\leosz\Desktop\Cpp\microtium\mikrotium\CloneTerraria\src\flora.cpp(212,62): warning C4244: '=': conversion from 'int' to 'float', possible loss of data
C:\Users\leosz\Desktop\Cpp\microtium\mikrotium\CloneTerraria\src\flora.cpp(213,30): warning C4244: '=': conversion from 'int' to 'float', possible loss of data
C:\Users\leosz\Desktop\Cpp\microtium\mikrotium\CloneTerraria\src\flora.cpp(213,60): warning C4244: '=': conversion from 'int' to 'float', possible loss of data
C:\Users\leosz\Desktop\Cpp\microtium\mikrotium\CloneTerraria\src\flora.cpp(218,38): warning C4244: '=': conversion from 'int' to 'float', possible loss of data
C:\Users\leosz\Desktop\Cpp\microtium\mikrotium\CloneTerraria\src\flora.cpp(218,87): warning C4244: '=': conversion from 'int' to 'float', possible loss of data
C:\Users\leosz\Desktop\Cpp\microtium\mikrotium\CloneTerraria\src\flora.cpp(219,38): warning C4244: '=': conversion from 'int' to 'float', possible loss of data
C:\Users\leosz\Desktop\Cpp\microtium\mikrotium\CloneTerraria\src\flora.cpp(219,77): warning C4244: '=': conversion from 'int' to 'float', possible loss of data
C:\Users\leosz\Desktop\Cpp\microtium\mikrotium\CloneTerraria\src\flora.cpp(222,15): warning C4244: 'initializing': conversion from 'float' to 'int', possible loss of data
C:\Users\leosz\Desktop\Cpp\microtium\mikrotium\CloneTerraria\src\flora.cpp(228,23): warning C4018: '<': signed/unsigned mismatch
C:\Users\leosz\Desktop\Cpp\microtium\mikrotium\CloneTerraria\src\flora.cpp(262,24): warning C4244: 'initializing': conversion from 'double' to 'int', possible loss of data
C:\Users\leosz\Desktop\Cpp\microtium\mikrotium\CloneTerraria\src\flora.cpp(279,22): warning C4018: '<': signed/unsigned mismatch
C:\Users\leosz\Desktop\Cpp\microtium\mikrotium\CloneTerraria\src\flora.cpp(281,23): warning C4018: '<': signed/unsigned mismatch
C:\Users\leosz\Desktop\Cpp\microtium\mikrotium\CloneTerraria\src\flora.cpp(301,24): warning C4018: '<': signed/unsigned mismatch
C:\Users\leosz\Desktop\Cpp\microtium\mikrotium\CloneTerraria\src\flora.cpp(316,42): warning C4838: conversion from 'int' to 'float' requires a narrowing conversion
C:\Users\leosz\Desktop\Cpp\microtium\mikrotium\CloneTerraria\src\flora.cpp(316,42): warning C4244: 'initializing': conversion from 'int' to 'float', possible loss of data
C:\Users\leosz\Desktop\Cpp\microtium\mikrotium\CloneTerraria\src\flora.cpp(316,76): warning C4838: conversion from 'int' to 'float' requires a narrowing conversion
C:\Users\leosz\Desktop\Cpp\microtium\mikrotium\CloneTerraria\src\flora.cpp(316,76): warning C4244: 'initializing': conversion from 'int' to 'float', possible loss of data
C:\Users\leosz\Desktop\Cpp\microtium\mikrotium\CloneTerraria\src\flora.cpp(316,95): warning C4838: conversion from 'int' to 'float' requires a narrowing conversion
C:\Users\leosz\Desktop\Cpp\microtium\mikrotium\CloneTerraria\src\flora.cpp(316,95): warning C4244: 'initializing': conversion from 'int' to 'float', possible loss of data
C:\Users\leosz\Desktop\Cpp\microtium\mikrotium\CloneTerraria\src\flora.cpp(316,129): warning C4838: conversion from 'int' to 'float' requires a narrowing conversion
C:\Users\leosz\Desktop\Cpp\microtium\mikrotium\CloneTerraria\src\flora.cpp(316,129): warning C4244: 'initializing': conversion from 'int' to 'float', possible loss of data
C:\Users\leosz\Desktop\Cpp\microtium\mikrotium\CloneTerraria\src\flora.cpp(318,23): warning C4018: '<': signed/unsigned mismatch
C:\Users\leosz\Desktop\Cpp\microtium\mikrotium\CloneTerraria\src\flora.cpp(365,22): warning C4018: '<': signed/unsigned mismatch
C:\Users\leosz\Desktop\Cpp\microtium\mikrotium\CloneTerraria\src\flora.cpp(367,23): warning C4018: '<': signed/unsigned mismatch
C:\Users\leosz\Desktop\Cpp\microtium\mikrotium\CloneTerraria\src\flora.cpp(385,24): warning C4018: '<': signed/unsigned mismatch
C:\Users\leosz\Desktop\Cpp\microtium\mikrotium\CloneTerraria\src\flora.cpp(400,42): warning C4838: conversion from 'int' to 'float' requires a narrowing conversion
C:\Users\leosz\Desktop\Cpp\microtium\mikrotium\CloneTerraria\src\flora.cpp(400,42): warning C4244: 'initializing': conversion from 'int' to 'float', possible loss of data
C:\Users\leosz\Desktop\Cpp\microtium\mikrotium\CloneTerraria\src\flora.cpp(400,76): warning C4838: conversion from 'int' to 'float' requires a narrowing conversion
C:\Users\leosz\Desktop\Cpp\microtium\mikrotium\CloneTerraria\src\flora.cpp(400,76): warning C4244: 'initializing': conversion from 'int' to 'float', possible loss of data
C:\Users\leosz\Desktop\Cpp\microtium\mikrotium\CloneTerraria\src\flora.cpp(400,97): warning C4838: conversion from 'int' to 'float' requires a narrowing conversion
C:\Users\leosz\Desktop\Cpp\microtium\mikrotium\CloneTerraria\src\flora.cpp(400,97): warning C4244: 'initializing': conversion from 'int' to 'float', possible loss of data
C:\Users\leosz\Desktop\Cpp\microtium\mikrotium\CloneTerraria\src\flora.cpp(400,130): warning C4838: conversion from 'int' to 'float' requires a narrowing conversion
C:\Users\leosz\Desktop\Cpp\microtium\mikrotium\CloneTerraria\src\flora.cpp(400,130): warning C4244: 'initializing': conversion from 'int' to 'float', possible loss of data
C:\Users\leosz\Desktop\Cpp\microtium\mikrotium\CloneTerraria\src\flora.cpp(402,23): warning C4018: '<': signed/unsigned mismatch
C:\Users\leosz\Desktop\Cpp\microtium\mikrotium\CloneTerraria\src\flora.cpp(446,47): warning C4244: 'argument': conversion from 'int' to 'float', possible loss of data
C:\Users\leosz\Desktop\Cpp\microtium\mikrotium\CloneTerraria\src\flora.cpp(446,31): warning C4244: 'argument': conversion from 'int' to 'float', possible loss of data
C:\Program Files\Microsoft Visual Studio\18\Community\VC\Tools\MSVC\14.44.35207\include\xmemory(732,103): warning C4244: 'argument': conversion from '_Ty' to 'int', possible loss of data
C:\Program Files\Microsoft Visual Studio\18\Community\VC\Tools\MSVC\14.44.35207\include\xmemory(732,103): warning C4244:         with
C:\Program Files\Microsoft Visual Studio\18\Community\VC\Tools\MSVC\14.44.35207\include\xmemory(732,103): warning C4244:         [
C:\Program Files\Microsoft Visual Studio\18\Community\VC\Tools\MSVC\14.44.35207\include\xmemory(732,103): warning C4244:             _Ty=float
C:\Program Files\Microsoft Visual Studio\18\Community\VC\Tools\MSVC\14.44.35207\include\xmemory(732,103): warning C4244:         ]
  (compiling source file 'src/flora.cpp')
      C:\Program Files\Microsoft Visual Studio\18\Community\VC\Tools\MSVC\14.44.35207\include\xmemory(732,103):
      the template instantiation context (the oldest one first) is
          C:\Users\leosz\Desktop\Cpp\microtium\mikrotium\CloneTerraria\src\flora.cpp(346,12):
          see reference to function template instantiation 'void std::vector<tree,std::allocator<tree>>::emplace_back<unsigned int&,unsigned int&,Items,int,treeParts,int,_Ty,float>(unsigned int &,unsigned int &,Items &&,int &&,treeParts &&,int &&,_Ty &&,float &&)' being compiled
          with
          [
              _Ty=int
          ]
              C:\Users\leosz\Desktop\Cpp\microtium\mikrotium\CloneTerraria\src\flora.cpp(346,24):
              see the first reference to 'std::vector<tree,std::allocator<tree>>::emplace_back' in 'seedling::everyFrame'
          C:\Program Files\Microsoft Visual Studio\18\Community\VC\Tools\MSVC\14.44.35207\include\vector(924,24):
          see reference to function template instantiation '_Ty &std::vector<_Ty,std::allocator<_Ty>>::_Emplace_one_at_back<unsigned int&,unsigned int&,Items,int,treeParts,int,int,float>(unsigned int &,unsigned int &,Items &&,int &&,treeParts &&,int &&,int &&,float &&)' being compiled
          with
          [
              _Ty=tree
          ]
          C:\Program Files\Microsoft Visual Studio\18\Community\VC\Tools\MSVC\14.44.35207\include\vector(845,20):
          see reference to function template instantiation '_Ty &std::vector<_Ty,std::allocator<_Ty>>::_Emplace_back_with_unused_capacity<unsigned int&,unsigned int&,Items,int,treeParts,int,int,float>(unsigned int &,unsigned int &,Items &&,int &&,treeParts &&,int &&,int &&,float &&)' being compiled
          with
          [
              _Ty=tree
          ]
          C:\Program Files\Microsoft Visual Studio\18\Community\VC\Tools\MSVC\14.44.35207\include\vector(863,27):
          see reference to function template instantiation 'void std::_Default_allocator_traits<_Alloc>::construct<_Ty,unsigned int&,unsigned int&,Items,int,treeParts,int,int,float>(_Alloc &,_Objty *const ,unsigned int &,unsigned int &,Items &&,int &&,treeParts &&,int &&,int &&,float &&)' being compiled
          with
          [
              _Alloc=std::allocator<tree>,
              _Ty=tree,
              _Objty=tree
          ]
  
  CloneTerraria.vcxproj -> C:\Users\leosz\Desktop\Cpp\microtium\mikrotium\bin\Win32\Debug\mikrotium.exe
