  Blocks.cpp
C:\Users\leosz\Desktop\Cpp\microtium\mikrotium\CloneTerraria\src\Blocks.cpp(42,47): warning C4244: 'argument': conversion from 'int' to 'float', possible loss of data
C:\Users\leosz\Desktop\Cpp\microtium\mikrotium\CloneTerraria\src\Blocks.cpp(42,31): warning C4244: 'argument': conversion from 'int' to 'float', possible loss of data
C:\Users\leosz\Desktop\Cpp\microtium\mikrotium\CloneTerraria\src\Blocks.cpp(209,21): warning C4018: '<': signed/unsigned mismatch
C:\Users\leosz\Desktop\Cpp\microtium\mikrotium\CloneTerraria\src\Blocks.cpp(211,18): warning C4018: '<': signed/unsigned mismatch
C:\Users\leosz\Desktop\Cpp\microtium\mikrotium\CloneTerraria\src\Blocks.cpp(216,21): warning C4018: '<': signed/unsigned mismatch
C:\Users\leosz\Desktop\Cpp\microtium\mikrotium\CloneTerraria\src\Blocks.cpp(218,32): warning C4018: '<': signed/unsigned mismatch
C:\Users\leosz\Desktop\Cpp\microtium\mikrotium\CloneTerraria\src\Blocks.cpp(224,9): warning C4244: 'initializing': conversion from 'float' to 'int', possible loss of data
C:\Users\leosz\Desktop\Cpp\microtium\mikrotium\CloneTerraria\src\Blocks.cpp(225,21): warning C4018: '<': signed/unsigned mismatch
C:\Users\leosz\Desktop\Cpp\microtium\mikrotium\CloneTerraria\src\Blocks.cpp(229,23): warning C4018: '<': signed/unsigned mismatch
  Main.cpp
C:\Users\leosz\Desktop\Cpp\microtium\mikrotium\CloneTerraria\src\Main.cpp(127,29): warning C4244: '=': conversion from 'double' to 'float', possible loss of data
C:\Users\leosz\Desktop\Cpp\microtium\mikrotium\CloneTerraria\src\Main.cpp(153,21): warning C4018: '<': signed/unsigned mismatch
LINK : warning LNK4098: defaultlib 'LIBCMT' conflicts with use of other libs; use /NODEFAULTLIB:library
  Generating code
  0 of 512 functions ( 0.0%) were compiled, the rest were copied from previous compilation.
    0 functions were new in current compilation
    0 functions had inline decision re-evaluated but remain unchanged
  Finished generating code
glew32s.lib(glew.obj) : warning LNK4099: PDB 'glew32s.pdb' was not found with 'glew32s.lib(glew.obj)' or at 'C:\Users\leosz\Desktop\Cpp\microtium\mikrotium\bin\Win32\Release\glew32s.pdb'; linking object as if no debug info
  CloneTerraria.vcxproj -> C:\Users\leosz\Desktop\Cpp\microtium\mikrotium\bin\Win32\Release\mikrotium.exe
